
> @hcm/server@1.0.0 test
> jest --runInBand

node.exe : PASS src/__tests__/unit/leave.service.unit.test.ts
At line:1 char:1
+ & "C:\Program Files\nodejs/node.exe" "C:\Program Files\nodejs/node_mo ...
+ ~~~~~~~~~~~~~~~~~~~~~~~~~~~~~~~~~~~~~~~~~~~~~~~~~~~~~~~~~~~~~~~~~~~~~
    + CategoryInfo          : NotSpecified: (PASS src/__test...ce.unit.test.ts:String) [], RemoteException
    + FullyQualifiedErrorId : NativeCommandError
 
PASS src/__tests__/unit/auth.service.unit.test.ts
FAIL src/__tests__/unit/responseEnvelope.unit.test.ts
  ÔùÅ Test suite failed to run

    [96msrc/__tests__/unit/responseEnvelope.unit.test.ts[0m:[93m12[0m:[93m45[0m - [91merror[0m[90m TS2345: 
[0mArgument of type '{ total: number; }' is not assignable to parameter of type 'PaginationMeta'.
      Type '{ total: number; }' is missing the following properties from type 'PaginationMeta': page, limit, totalPages

    [7m12[0m       const res = success({ key: 'value' }, { total: 10 });
    [7m  [0m [91m                                            ~~~~~~~~~~~~~[0m

FAIL src/__tests__/unit/pagination.unit.test.ts
  ÔùÅ Test suite failed to run

    [96msrc/__tests__/unit/pagination.unit.test.ts[0m:[93m7[0m:[93m32[0m - [91merror[0m[90m TS2554: 
[0mExpected 1 arguments, but got 2.

    [7m7[0m       expect(getPagination('', '')).toEqual({ page: 1, limit: 20, offset: 0 });
    [7m [0m [91m                               ~~[0m
    [96msrc/__tests__/unit/pagination.unit.test.ts[0m:[93m11[0m:[93m33[0m - [91merror[0m[90m TS2554: 
[0mExpected 1 arguments, but got 2.

    [7m11[0m       expect(getPagination('2', '10')).toEqual({ page: 2, limit: 10, offset: 10 });
    [7m  [0m [91m                                ~~~~[0m
    [96msrc/__tests__/unit/pagination.unit.test.ts[0m:[93m15[0m:[93m33[0m - [91merror[0m[90m TS2554: 
[0mExpected 1 arguments, but got 2.

    [7m15[0m       expect(getPagination('1', '200')).toEqual({ page: 1, limit: 100, offset: 0 });
    [7m  [0m [91m                                ~~~~~[0m
    [96msrc/__tests__/unit/pagination.unit.test.ts[0m:[93m19[0m:[93m38[0m - [91merror[0m[90m TS2554: 
[0mExpected 1 arguments, but got 2.

    [7m19[0m       const res = getPagination('1', '0');
    [7m  [0m [91m                                     ~~~[0m
    [96msrc/__tests__/unit/pagination.unit.test.ts[0m:[93m24[0m:[93m35[0m - [91merror[0m[90m TS2554: 
[0mExpected 1 arguments, but got 2.

    [7m24[0m       expect(getPagination('abc', '10')).toEqual({ page: 1, limit: 10, offset: 0 });
    [7m  [0m [91m                                  ~~~~[0m
    [96msrc/__tests__/unit/pagination.unit.test.ts[0m:[93m28[0m:[93m34[0m - [91merror[0m[90m TS2554: 
[0mExpected 1 arguments, but got 2.

    [7m28[0m       expect(getPagination('-5', '10')).toEqual({ page: 1, limit: 10, offset: 0 });
    [7m  [0m [91m                                 ~~~~[0m

FAIL src/__tests__/search.test.ts
  ÔùÅ Test suite failed to run

    [96msrc/modules/recruitment/recruitment.routes.ts[0m:[93m42[0m:[93m31[0m - [91merror[0m[90m TS2304: 
[0mCannot find name 'asyncHandler'.

    [7m42[0m router.get('/offers/:id/pdf', asyncHandler(async (req, res) => {
    [7m  [0m [91m                              ~~~~~~~~~~~~[0m
    [96msrc/modules/recruitment/recruitment.routes.ts[0m:[93m42[0m:[93m51[0m - [91merror[0m[90m TS7006: 
[0mParameter 'req' implicitly has an 'any' type.

    [7m42[0m router.get('/offers/:id/pdf', asyncHandler(async (req, res) => {
    [7m  [0m [91m                                                  ~~~[0m
    [96msrc/modules/recruitment/recruitment.routes.ts[0m:[93m42[0m:[93m56[0m - [91merror[0m[90m TS7006: 
[0mParameter 'res' implicitly has an 'any' type.

    [7m42[0m router.get('/offers/:id/pdf', asyncHandler(async (req, res) => {
    [7m  [0m [91m                                                       ~~~[0m

FAIL src/__tests__/recruitment.test.ts
  ÔùÅ Test suite failed to run

    [96msrc/modules/recruitment/recruitment.routes.ts[0m:[93m42[0m:[93m31[0m - [91merror[0m[90m TS2304: 
[0mCannot find name 'asyncHandler'.

    [7m42[0m router.get('/offers/:id/pdf', asyncHandler(async (req, res) => {
    [7m  [0m [91m                              ~~~~~~~~~~~~[0m
    [96msrc/modules/recruitment/recruitment.routes.ts[0m:[93m42[0m:[93m51[0m - [91merror[0m[90m TS7006: 
[0mParameter 'req' implicitly has an 'any' type.

    [7m42[0m router.get('/offers/:id/pdf', asyncHandler(async (req, res) => {
    [7m  [0m [91m                                                  ~~~[0m
    [96msrc/modules/recruitment/recruitment.routes.ts[0m:[93m42[0m:[93m56[0m - [91merror[0m[90m TS7006: 
[0mParameter 'res' implicitly has an 'any' type.

    [7m42[0m router.get('/offers/:id/pdf', asyncHandler(async (req, res) => {
    [7m  [0m [91m                                                       ~~~[0m

FAIL src/__tests__/performance.test.ts
  ÔùÅ Test suite failed to run

    [96msrc/modules/recruitment/recruitment.routes.ts[0m:[93m42[0m:[93m31[0m - [91merror[0m[90m TS2304: 
[0mCannot find name 'asyncHandler'.

    [7m42[0m router.get('/offers/:id/pdf', asyncHandler(async (req, res) => {
    [7m  [0m [91m                              ~~~~~~~~~~~~[0m
    [96msrc/modules/recruitment/recruitment.routes.ts[0m:[93m42[0m:[93m51[0m - [91merror[0m[90m TS7006: 
[0mParameter 'req' implicitly has an 'any' type.

    [7m42[0m router.get('/offers/:id/pdf', asyncHandler(async (req, res) => {
    [7m  [0m [91m                                                  ~~~[0m
    [96msrc/modules/recruitment/recruitment.routes.ts[0m:[93m42[0m:[93m56[0m - [91merror[0m[90m TS7006: 
[0mParameter 'res' implicitly has an 'any' type.

    [7m42[0m router.get('/offers/:id/pdf', asyncHandler(async (req, res) => {
    [7m  [0m [91m                                                       ~~~[0m

FAIL src/__tests__/payroll.test.ts
  ÔùÅ Test suite failed to run

    [96msrc/modules/recruitment/recruitment.routes.ts[0m:[93m42[0m:[93m31[0m - [91merror[0m[90m TS2304: 
[0mCannot find name 'asyncHandler'.

    [7m42[0m router.get('/offers/:id/pdf', asyncHandler(async (req, res) => {
    [7m  [0m [91m                              ~~~~~~~~~~~~[0m
    [96msrc/modules/recruitment/recruitment.routes.ts[0m:[93m42[0m:[93m51[0m - [91merror[0m[90m TS7006: 
[0mParameter 'req' implicitly has an 'any' type.

    [7m42[0m router.get('/offers/:id/pdf', asyncHandler(async (req, res) => {
    [7m  [0m [91m                                                  ~~~[0m
    [96msrc/modules/recruitment/recruitment.routes.ts[0m:[93m42[0m:[93m56[0m - [91merror[0m[90m TS7006: 
[0mParameter 'res' implicitly has an 'any' type.

    [7m42[0m router.get('/offers/:id/pdf', asyncHandler(async (req, res) => {
    [7m  [0m [91m                                                       ~~~[0m

FAIL src/__tests__/notifications.test.ts
  ÔùÅ Test suite failed to run

    [96msrc/modules/recruitment/recruitment.routes.ts[0m:[93m42[0m:[93m31[0m - [91merror[0m[90m TS2304: 
[0mCannot find name 'asyncHandler'.

    [7m42[0m router.get('/offers/:id/pdf', asyncHandler(async (req, res) => {
    [7m  [0m [91m                              ~~~~~~~~~~~~[0m
    [96msrc/modules/recruitment/recruitment.routes.ts[0m:[93m42[0m:[93m51[0m - [91merror[0m[90m TS7006: 
[0mParameter 'req' implicitly has an 'any' type.

    [7m42[0m router.get('/offers/:id/pdf', asyncHandler(async (req, res) => {
    [7m  [0m [91m                                                  ~~~[0m
    [96msrc/modules/recruitment/recruitment.routes.ts[0m:[93m42[0m:[93m56[0m - [91merror[0m[90m TS7006: 
[0mParameter 'res' implicitly has an 'any' type.

    [7m42[0m router.get('/offers/:id/pdf', asyncHandler(async (req, res) => {
    [7m  [0m [91m                                                       ~~~[0m

FAIL src/__tests__/leave.test.ts
  ÔùÅ Test suite failed to run

    [96msrc/modules/recruitment/recruitment.routes.ts[0m:[93m42[0m:[93m31[0m - [91merror[0m[90m TS2304: 
[0mCannot find name 'asyncHandler'.

    [7m42[0m router.get('/offers/:id/pdf', asyncHandler(async (req, res) => {
    [7m  [0m [91m                              ~~~~~~~~~~~~[0m
    [96msrc/modules/recruitment/recruitment.routes.ts[0m:[93m42[0m:[93m51[0m - [91merror[0m[90m TS7006: 
[0mParameter 'req' implicitly has an 'any' type.

    [7m42[0m router.get('/offers/:id/pdf', asyncHandler(async (req, res) => {
    [7m  [0m [91m                                                  ~~~[0m
    [96msrc/modules/recruitment/recruitment.routes.ts[0m:[93m42[0m:[93m56[0m - [91merror[0m[90m TS7006: 
[0mParameter 'res' implicitly has an 'any' type.

    [7m42[0m router.get('/offers/:id/pdf', asyncHandler(async (req, res) => {
    [7m  [0m [91m                                                       ~~~[0m

FAIL src/__tests__/learning.test.ts
  ÔùÅ Test suite failed to run

    [96msrc/modules/recruitment/recruitment.routes.ts[0m:[93m42[0m:[93m31[0m - [91merror[0m[90m TS2304: 
[0mCannot find name 'asyncHandler'.

    [7m42[0m router.get('/offers/:id/pdf', asyncHandler(async (req, res) => {
    [7m  [0m [91m                              ~~~~~~~~~~~~[0m
    [96msrc/modules/recruitment/recruitment.routes.ts[0m:[93m42[0m:[93m51[0m - [91merror[0m[90m TS7006: 
[0mParameter 'req' implicitly has an 'any' type.

    [7m42[0m router.get('/offers/:id/pdf', asyncHandler(async (req, res) => {
    [7m  [0m [91m                                                  ~~~[0m
    [96msrc/modules/recruitment/recruitment.routes.ts[0m:[93m42[0m:[93m56[0m - [91merror[0m[90m TS7006: 
[0mParameter 'res' implicitly has an 'any' type.

    [7m42[0m router.get('/offers/:id/pdf', asyncHandler(async (req, res) => {
    [7m  [0m [91m                                                       ~~~[0m

FAIL src/__tests__/employees.test.ts
  ÔùÅ Test suite failed to run

    [96msrc/modules/recruitment/recruitment.routes.ts[0m:[93m42[0m:[93m31[0m - [91merror[0m[90m TS2304: 
[0mCannot find name 'asyncHandler'.

    [7m42[0m router.get('/offers/:id/pdf', asyncHandler(async (req, res) => {
    [7m  [0m [91m                              ~~~~~~~~~~~~[0m
    [96msrc/modules/recruitment/recruitment.routes.ts[0m:[93m42[0m:[93m51[0m - [91merror[0m[90m TS7006: 
[0mParameter 'req' implicitly has an 'any' type.

    [7m42[0m router.get('/offers/:id/pdf', asyncHandler(async (req, res) => {
    [7m  [0m [91m                                                  ~~~[0m
    [96msrc/modules/recruitment/recruitment.routes.ts[0m:[93m42[0m:[93m56[0m - [91merror[0m[90m TS7006: 
[0mParameter 'res' implicitly has an 'any' type.

    [7m42[0m router.get('/offers/:id/pdf', asyncHandler(async (req, res) => {
    [7m  [0m [91m                                                       ~~~[0m

FAIL src/__tests__/auth.test.ts
  ÔùÅ Test suite failed to run

    [96msrc/modules/recruitment/recruitment.routes.ts[0m:[93m42[0m:[93m31[0m - [91merror[0m[90m TS2304: 
[0mCannot find name 'asyncHandler'.

    [7m42[0m router.get('/offers/:id/pdf', asyncHandler(async (req, res) => {
    [7m  [0m [91m                              ~~~~~~~~~~~~[0m
    [96msrc/modules/recruitment/recruitment.routes.ts[0m:[93m42[0m:[93m51[0m - [91merror[0m[90m TS7006: 
[0mParameter 'req' implicitly has an 'any' type.

    [7m42[0m router.get('/offers/:id/pdf', asyncHandler(async (req, res) => {
    [7m  [0m [91m                                                  ~~~[0m
    [96msrc/modules/recruitment/recruitment.routes.ts[0m:[93m42[0m:[93m56[0m - [91merror[0m[90m TS7006: 
[0mParameter 'res' implicitly has an 'any' type.

    [7m42[0m router.get('/offers/:id/pdf', asyncHandler(async (req, res) => {
    [7m  [0m [91m                                                       ~~~[0m

FAIL src/__tests__/admin.test.ts
  ÔùÅ Test suite failed to run

    [96msrc/modules/recruitment/recruitment.routes.ts[0m:[93m42[0m:[93m31[0m - [91merror[0m[90m TS2304: 
[0mCannot find name 'asyncHandler'.

    [7m42[0m router.get('/offers/:id/pdf', asyncHandler(async (req, res) => {
    [7m  [0m [91m                              ~~~~~~~~~~~~[0m
    [96msrc/modules/recruitment/recruitment.routes.ts[0m:[93m42[0m:[93m51[0m - [91merror[0m[90m TS7006: 
[0mParameter 'req' implicitly has an 'any' type.

    [7m42[0m router.get('/offers/:id/pdf', asyncHandler(async (req, res) => {
    [7m  [0m [91m                                                  ~~~[0m
    [96msrc/modules/recruitment/recruitment.routes.ts[0m:[93m42[0m:[93m56[0m - [91merror[0m[90m TS7006: 
[0mParameter 'res' implicitly has an 'any' type.

    [7m42[0m router.get('/offers/:id/pdf', asyncHandler(async (req, res) => {
    [7m  [0m [91m                                                       ~~~[0m

Test Suites: 12 failed, 2 passed, 14 total
Tests:       16 passed, 16 total
Snapshots:   0 total
Time:        14.446 s
Ran all test suites.
npm error Lifecycle script `test` failed with error:
npm error code 1
npm error path C:\Users\cuong\Jaxtina Coding\HCM\server
npm error workspace @hcm/server@1.0.0
npm error location C:\Users\cuong\Jaxtina Coding\HCM\server
npm error command failed
npm error command C:\Windows\system32\cmd.exe /d /s /c jest --runInBand
